<?xml version="1.0" encoding="UTF-8"?>
<TestRun id="8d2e79d4-28ef-442d-a28a-0971b04735f2" name="brian.salato@BSALATO73HOU 2012-09-12 13:25:43" runUser="PARIVEDA\brian.salato" xmlns="http://microsoft.com/schemas/VisualStudio/TeamTest/2010">
  <TestSettings name="Default Test Settings" id="6d844a99-3cee-46c7-aa24-663f30e3a62a">
    <Deployment runDeploymentRoot="brian.salato_BSALATO73HOU 2012-09-12 13_25_43">
      <DeploymentItem filename="E:\Pariveda\Personal\Irving\packages\Moq.4.0.10827\lib\NET40\Moq.dll" />
      <DeploymentItem filename="E:\Pariveda\Personal\Irving\Irving.Web\bin\Irving.Web.dll" />
    </Deployment>
    <Execution>
      <TestTypeSpecific />
      <AgentRule name="Execution Agents">
      </AgentRule>
    </Execution>
  </TestSettings>
  <Times creation="2012-09-12T13:25:43.8144126-05:00" queuing="2012-09-12T13:25:43.9814222-05:00" start="2012-09-12T13:25:43.9864225-05:00" finish="2012-09-12T13:25:44.5414542-05:00" />
  <ResultSummary outcome="Failed">
    <Counters total="1" executed="1" error="0" failed="1" timeout="0" aborted="0" inconclusive="0" passedButRunAborted="0" notRunnable="0" notExecuted="0" disconnected="0" warning="0" passed="0" completed="0" inProgress="0" pending="0" />
  </ResultSummary>
  <TestDefinitions>
    <UnitTest name="Dashboard_No_Errors" storage="e:\pariveda\personal\irving\irving.web.tests\bin\debug\irving.web.tests.dll" id="8fd16ee4-9d76-5881-3a9f-da9d936708ce">
      <Execution id="6a4adea2-1d25-415f-a8d2-61988a2c8480" />
      <TestMethod codeBase="E:/Pariveda/Personal/Irving/Irving.Web.Tests/bin/Debug/Irving.Web.Tests.DLL" adapterTypeName="Microsoft.VisualStudio.TestTools.TestTypes.Unit.UnitTestAdapter, Microsoft.VisualStudio.QualityTools.Tips.UnitTest.Adapter, Version=10.0.0.0, Culture=neutral, PublicKeyToken=b03f5f7f11d50a3a" className="Irving.Web.Tests.Controllers.HomeControllerTest, Irving.Web.Tests, Version=1.0.0.0, Culture=neutral, PublicKeyToken=null" name="Dashboard_No_Errors" />
    </UnitTest>
  </TestDefinitions>
  <TestLists>
    <TestList name="Results Not in a List" id="8c84fa94-04c1-424b-9868-57a2d4851a1d" />
    <TestList name="All Loaded Results" id="19431567-8539-422a-85d7-44ee4e166bda" />
  </TestLists>
  <TestEntries>
    <TestEntry testId="8fd16ee4-9d76-5881-3a9f-da9d936708ce" executionId="6a4adea2-1d25-415f-a8d2-61988a2c8480" testListId="8c84fa94-04c1-424b-9868-57a2d4851a1d" />
  </TestEntries>
  <Results>
    <UnitTestResult executionId="6a4adea2-1d25-415f-a8d2-61988a2c8480" testId="8fd16ee4-9d76-5881-3a9f-da9d936708ce" testName="Dashboard_No_Errors" computerName="BSALATO73HOU" duration="00:00:00.3800211" startTime="2012-09-12T13:25:43.9884226-05:00" endTime="2012-09-12T13:25:44.5274534-05:00" testType="13cdc9d9-ddb5-4fa4-a97d-d965ccfc6d4b" outcome="Failed" testListId="8c84fa94-04c1-424b-9868-57a2d4851a1d" relativeResultsDirectory="6a4adea2-1d25-415f-a8d2-61988a2c8480">
      <Output>
        <ErrorInfo>
          <Message>Assert.AreEqual failed. Expected:&lt;System.Collections.Generic.List`1[Irving.Web.Models.Asset]&gt;. Actual:&lt;(null)&gt;. The assets passed in were not the same as the business layer's</Message>
          <StackTrace>   at Irving.Web.Tests.Controllers.HomeControllerTest.Dashboard_No_Errors() in E:\Pariveda\Personal\Irving\Irving.Web.Tests\Controllers\HomeControllerTest.cs:line 79
</StackTrace>
        </ErrorInfo>
      </Output>
    </UnitTestResult>
  </Results>
</TestRun>