<?xml version="1.0" encoding="UTF-8"?>
<TestRun id="e6feea63-28bb-4fd6-85aa-6d6f0b4193a1" name="brian.salato@BSALATO73HOU 2012-09-12 13:26:52" runUser="PARIVEDA\brian.salato" xmlns="http://microsoft.com/schemas/VisualStudio/TeamTest/2010">
  <TestSettings name="Default Test Settings" id="dfbb5e42-63c6-4cf2-8d60-60288c6c75d0">
    <Deployment runDeploymentRoot="brian.salato_BSALATO73HOU 2012-09-12 13_26_52">
      <DeploymentItem filename="E:\Pariveda\Personal\Irving\packages\Moq.4.0.10827\lib\NET40\Moq.dll" />
      <DeploymentItem filename="E:\Pariveda\Personal\Irving\Irving.Web\bin\Irving.Web.dll" />
    </Deployment>
    <Execution>
      <TestTypeSpecific />
      <AgentRule name="Execution Agents">
      </AgentRule>
    </Execution>
  </TestSettings>
  <Times creation="2012-09-12T13:26:52.8203596-05:00" queuing="2012-09-12T13:26:52.9823688-05:00" start="2012-09-12T13:26:52.9863690-05:00" finish="2012-09-12T13:26:53.3543901-05:00" />
  <ResultSummary outcome="Completed">
    <Counters total="1" executed="1" passed="1" error="0" failed="0" timeout="0" aborted="0" inconclusive="0" passedButRunAborted="0" notRunnable="0" notExecuted="0" disconnected="0" warning="0" completed="0" inProgress="0" pending="0" />
  </ResultSummary>
  <TestDefinitions>
    <UnitTest name="Dashboard_No_Errors" storage="e:\pariveda\personal\irving\irving.web.tests\bin\debug\irving.web.tests.dll" id="8fd16ee4-9d76-5881-3a9f-da9d936708ce">
      <Execution id="b16e04bd-7db3-4bf9-a954-de89adf9b4dd" />
      <TestMethod codeBase="E:/Pariveda/Personal/Irving/Irving.Web.Tests/bin/Debug/Irving.Web.Tests.DLL" adapterTypeName="Microsoft.VisualStudio.TestTools.TestTypes.Unit.UnitTestAdapter, Microsoft.VisualStudio.QualityTools.Tips.UnitTest.Adapter, Version=10.0.0.0, Culture=neutral, PublicKeyToken=b03f5f7f11d50a3a" className="Irving.Web.Tests.Controllers.HomeControllerTest, Irving.Web.Tests, Version=1.0.0.0, Culture=neutral, PublicKeyToken=null" name="Dashboard_No_Errors" />
    </UnitTest>
  </TestDefinitions>
  <TestLists>
    <TestList name="Results Not in a List" id="8c84fa94-04c1-424b-9868-57a2d4851a1d" />
    <TestList name="All Loaded Results" id="19431567-8539-422a-85d7-44ee4e166bda" />
  </TestLists>
  <TestEntries>
    <TestEntry testId="8fd16ee4-9d76-5881-3a9f-da9d936708ce" executionId="b16e04bd-7db3-4bf9-a954-de89adf9b4dd" testListId="8c84fa94-04c1-424b-9868-57a2d4851a1d" />
  </TestEntries>
  <Results>
    <UnitTestResult executionId="b16e04bd-7db3-4bf9-a954-de89adf9b4dd" testId="8fd16ee4-9d76-5881-3a9f-da9d936708ce" testName="Dashboard_No_Errors" computerName="BSALATO73HOU" duration="00:00:00.2175115" startTime="2012-09-12T13:26:52.9873691-05:00" endTime="2012-09-12T13:26:53.3433895-05:00" testType="13cdc9d9-ddb5-4fa4-a97d-d965ccfc6d4b" outcome="Passed" testListId="8c84fa94-04c1-424b-9868-57a2d4851a1d" relativeResultsDirectory="b16e04bd-7db3-4bf9-a954-de89adf9b4dd">
    </UnitTestResult>
  </Results>
</TestRun>